{"logTime": "0924/093052", "correlationVector":"mhbQLWRMatyq60X/owQsiV.1","action":"SyncServerConnectionManagerRequest", "result":"SYNC_SERVER_OK", "context":{"environment":"Prod_southeastasia_prod-s01-065-apac-southeastasia", "migrationStage":"NotStarted", "server":"akswtt10300000a"}}
{"logTime": "0924/093052", "correlationVector":"mhbQLWRMatyq60X/owQsiV.2","action":"ProcessGetUpdates", "result":"Done", "context":{"dataType":"Encryption Keys", "deleted":"0", "process_failed_to_decrypt":"0", "process_pending_decryption":"0", "process_success":"1", "total":"1"}}
{"logTime": "0924/093053", "correlationVector":"HTHB2rODBEanP5e+CWVZ0T","action":"SyncServerConnectionManagerRequest", "result":"SYNC_SERVER_OK", "context":{"environment":"", "migrationStage":"", "server":""}}
{"logTime": "0924/093053", "correlationVector":"HTHB2rODBEanP5e+CWVZ0T.0","action":"EncryptionKeysFetcher.DownloadKeys:", "result":"Success", "context":Key count: 1, Last key timestamp: 2025-09-24T09:30:52Z}
{"logTime": "0924/093053", "correlationVector":"HTHB2rODBEanP5e+CWVZ0T.1","action":"EncryptionKeysManager::SetEncryptionKeys:", "result":"Success", "context":Key names[1]:[jApZN3kegb2SW+5EN9l1au2fmuLvvdiEoxZtmJ8GcbyhxSJ33vLW2oYoz21CZ6ZRNv2Elk37MA080gb2M8wV8A==]}
{"logTime": "0924/093053", "correlationVector":"HTHB2rODBEanP5e+CWVZ0T.2","action":"EncryptionKeysManager::SetEncryptionKeysWithTimestamps:", "result":"Success", "context":Key timestamps[1]:[2025-09-24T09:30:52Z]}
{"logTime": "0924/093053", "correlationVector":"mhbQLWRMatyq60X/owQsiV","action":"Initial GetUpdates", "result":"", "context":Reason: NEW_CLIENT. cV=mhbQLWRMatyq60X/owQsiV}
{"logTime": "0924/093053", "correlationVector":"mhbQLWRMatyq60X/owQsiV.3","action":"GetUpdates Response", "result":"Success", "context":Received 1 update(s). cV=mhbQLWRMatyq60X/owQsiV.0;server=akswtt10300000a;cloudType=Consumer;environment=Prod_southeastasia_prod-s01-065-apac-southeastasia;migrationStage=NotStarted}
{"logTime": "0924/093053", "correlationVector":"S896Lr0N+1+9YViG1Do7vd","action":"Initial GetUpdates", "result":"", "context":Reason: NEW_CLIENT. cV=S896Lr0N+1+9YViG1Do7vd}
{"logTime": "0924/093053", "correlationVector":"S896Lr0N+1+9YViG1Do7vd.1","action":"SyncServerConnectionManagerRequest", "result":"SYNC_SERVER_OK", "context":{"environment":"Prod_southeastasia_prod-s01-065-apac-southeastasia", "migrationStage":"NotStarted", "server":"akswtt10300000z"}}
{"logTime": "0924/093053", "correlationVector":"S896Lr0N+1+9YViG1Do7vd.2","action":"GetUpdates Response", "result":"Success", "context":Received 0 update(s). cV=S896Lr0N+1+9YViG1Do7vd.0;server=akswtt10300000z;cloudType=Consumer;environment=Prod_southeastasia_prod-s01-065-apac-southeastasia;migrationStage=NotStarted}
{"logTime": "0924/093053", "correlationVector":"x61bdgwZX+fR/QfotHrVhX","action":"Initial GetUpdates", "result":"", "context":Reason: NEW_CLIENT. cV=x61bdgwZX+fR/QfotHrVhX}
{"logTime": "0924/093053", "correlationVector":"x61bdgwZX+fR/QfotHrVhX.1","action":"SyncServerConnectionManagerRequest", "result":"SYNC_SERVER_OK", "context":{"environment":"Prod_southeastasia_prod-s01-065-apac-southeastasia", "migrationStage":"NotStarted", "server":"akswtt10300000t"}}
{"logTime": "0924/093053", "correlationVector":"x61bdgwZX+fR/QfotHrVhX.2","action":"ProcessGetUpdates", "result":"Done", "context":{"dataType":"Bookmarks", "deleted":"0", "process_failed_to_decrypt":"0", "process_pending_decryption":"0", "process_success":"6", "total":"6"}}
{"logTime": "0924/093053", "correlationVector":"x61bdgwZX+fR/QfotHrVhX.3","action":"GetUpdates Response", "result":"Success", "context":Received 6 update(s). cV=x61bdgwZX+fR/QfotHrVhX.0;server=akswtt10300000t;cloudType=Consumer;environment=Prod_southeastasia_prod-s01-065-apac-southeastasia;migrationStage=NotStarted}
{"logTime": "0924/093053", "correlationVector":"CJIB3g8geZItuA+osIs+Ft","action":"Initial GetUpdates", "result":"", "context":Reason: NEW_CLIENT. cV=CJIB3g8geZItuA+osIs+Ft}
{"logTime": "0924/093053", "correlationVector":"CJIB3g8geZItuA+osIs+Ft.1","action":"SyncServerConnectionManagerRequest", "result":"SYNC_SERVER_OK", "context":{"environment":"Prod_southeastasia_prod-s01-065-apac-southeastasia", "migrationStage":"NotStarted", "server":"akswtt10300000o"}}
{"logTime": "0924/093053", "correlationVector":"CJIB3g8geZItuA+osIs+Ft.2","action":"ProcessGetUpdates", "result":"Done", "context":{"dataType":"Autofill", "deleted":"0", "process_failed_to_decrypt":"0", "process_pending_decryption":"0", "process_success":"1", "total":"1"}}
{"logTime": "0924/093053", "correlationVector":"CJIB3g8geZItuA+osIs+Ft.3","action":"GetUpdates Response", "result":"Success", "context":Received 1 update(s). cV=CJIB3g8geZItuA+osIs+Ft.0;server=akswtt10300000o;cloudType=Consumer;environment=Prod_southeastasia_prod-s01-065-apac-southeastasia;migrationStage=NotStarted}
{"logTime": "0924/093054", "correlationVector":"G6ys7EnsRJ4c2S/Z0sTbrY","action":"Initial GetUpdates", "result":"", "context":Reason: NEW_CLIENT. cV=G6ys7EnsRJ4c2S/Z0sTbrY}
{"logTime": "0924/093054", "correlationVector":"G6ys7EnsRJ4c2S/Z0sTbrY.1","action":"SyncServerConnectionManagerRequest", "result":"SYNC_SERVER_OK", "context":{"environment":"Prod_southeastasia_prod-s01-065-apac-southeastasia", "migrationStage":"NotStarted", "server":"akswtt103000001"}}
{"logTime": "0924/093054", "correlationVector":"G6ys7EnsRJ4c2S/Z0sTbrY.2","action":"GetUpdates Response", "result":"Success", "context":Received 0 update(s). cV=G6ys7EnsRJ4c2S/Z0sTbrY.0;server=akswtt103000001;cloudType=Consumer;environment=Prod_southeastasia_prod-s01-065-apac-southeastasia;migrationStage=NotStarted}
{"logTime": "0924/093054", "correlationVector":"VctvUAUxK9jV2J27rWWnSL","action":"Normal GetUpdate request", "result":"", "context":cV=VctvUAUxK9jV2J27rWWnSL
Nudged types: Preferences, Sessions, Device Info, User Consents, Encryption Keys
Refresh requested types: Bookmarks, Preferences, Passwords, Autofill Profiles, Autofill, Extensions, Sessions, Extension settings, History Delete Directives, Device Info, User Consents, Send Tab To Self, Web Apps, History, Saved Tab Group, WebAuthn Credentials, Collection, Edge E Drop, Edge Hub App Usage, Edge Wallet, Encryption Keys}
{"logTime": "0924/093054", "correlationVector":"VctvUAUxK9jV2J27rWWnSL.1","action":"SyncServerConnectionManagerRequest", "result":"SYNC_SERVER_OK", "context":{"environment":"Prod_southeastasia_prod-s01-065-apac-southeastasia", "migrationStage":"NotStarted", "server":"akswtt10300000a"}}
{"logTime": "0924/093054", "correlationVector":"VctvUAUxK9jV2J27rWWnSL.2","action":"GetUpdates Response", "result":"Success", "context":Received 0 update(s). cV=VctvUAUxK9jV2J27rWWnSL.0;server=akswtt10300000a;cloudType=Consumer;environment=Prod_southeastasia_prod-s01-065-apac-southeastasia;migrationStage=NotStarted}
{"logTime": "0924/093054", "correlationVector":"Z5lu9tS5mX+lP6Ka8bEe5E","action":"Commit Request", "result":"", "context":Item count: 1
Contributing types: Encryption Keys}
{"logTime": "0924/093055", "correlationVector":"Z5lu9tS5mX+lP6Ka8bEe5E.1","action":"SyncServerConnectionManagerRequest", "result":"SYNC_SERVER_OK", "context":{"environment":"Prod_southeastasia_prod-s01-065-apac-southeastasia", "migrationStage":"NotStarted", "server":"akswtt10300000t"}}
{"logTime": "0924/093055", "correlationVector":"Z5lu9tS5mX+lP6Ka8bEe5E.2","action":"Commit Response", "result":"Success", "context":Result: Success. cV=Z5lu9tS5mX+lP6Ka8bEe5E.0;server=akswtt10300000t;cloudType=Consumer;environment=Prod_southeastasia_prod-s01-065-apac-southeastasia;migrationStage=NotStarted}
{"logTime": "0924/093055", "correlationVector":"ZbKwIQYKkP7MdOVdw1nXDX","action":"Commit Request", "result":"", "context":Item count: 25
Contributing types: Preferences, Sessions, Device Info, User Consents}
{"logTime": "0924/093056", "correlationVector":"ZbKwIQYKkP7MdOVdw1nXDX.1","action":"SyncServerConnectionManagerRequest", "result":"SYNC_SERVER_OK", "context":{"environment":"Prod_southeastasia_prod-s01-065-apac-southeastasia", "migrationStage":"NotStarted", "server":"akswtt10300000i"}}
{"logTime": "0924/093056", "correlationVector":"ZbKwIQYKkP7MdOVdw1nXDX.2","action":"Commit Response", "result":"Success", "context":Result: Success. cV=ZbKwIQYKkP7MdOVdw1nXDX.0;server=akswtt10300000i;cloudType=Consumer;environment=Prod_southeastasia_prod-s01-065-apac-southeastasia;migrationStage=NotStarted}
{"logTime": "0924/093108", "correlationVector":"4A4AKFJPsg4yHidM5zfpgG","action":"Commit Request", "result":"", "context":Item count: 2
Contributing types: Preferences, Sessions}
{"logTime": "0924/093109", "correlationVector":"4A4AKFJPsg4yHidM5zfpgG.1","action":"SyncServerConnectionManagerRequest", "result":"SYNC_SERVER_OK", "context":{"environment":"Prod_southeastasia_prod-s01-065-apac-southeastasia", "migrationStage":"NotStarted", "server":"akswtt10300000a"}}
{"logTime": "0924/093109", "correlationVector":"4A4AKFJPsg4yHidM5zfpgG.2","action":"Commit Response", "result":"Success", "context":Result: Success. cV=4A4AKFJPsg4yHidM5zfpgG.0;server=akswtt10300000a;cloudType=Consumer;environment=Prod_southeastasia_prod-s01-065-apac-southeastasia;migrationStage=NotStarted}
{"logTime": "0924/093117", "correlationVector":"l98NtuuJQgUclJhc0mEzgH","action":"Commit Request", "result":"", "context":Item count: 2
Contributing types: Preferences}
{"logTime": "0924/093117", "correlationVector":"l98NtuuJQgUclJhc0mEzgH.1","action":"SyncServerConnectionManagerRequest", "result":"SYNC_SERVER_OK", "context":{"environment":"Prod_southeastasia_prod-s01-065-apac-southeastasia", "migrationStage":"NotStarted", "server":"akswtt10300000k"}}
{"logTime": "0924/093117", "correlationVector":"l98NtuuJQgUclJhc0mEzgH.2","action":"Commit Response", "result":"Success", "context":Result: Success. cV=l98NtuuJQgUclJhc0mEzgH.0;server=akswtt10300000k;cloudType=Consumer;environment=Prod_southeastasia_prod-s01-065-apac-southeastasia;migrationStage=NotStarted}
{"logTime": "0924/093323", "correlationVector":"TMr3fB7ya2eDd1xsl1r+v1.1","action":"SyncServerConnectionManagerRequest", "result":"SYNC_SERVER_OK", "context":{"environment":"Prod_southeastasia_prod-s01-064-apac-southeastasia", "migrationStage":"NotStarted", "server":"akswtt103000001"}}
{"logTime": "0924/093323", "correlationVector":"TMr3fB7ya2eDd1xsl1r+v1.2","action":"ProcessGetUpdates", "result":"Done", "context":{"dataType":"Encryption Keys", "deleted":"0", "process_failed_to_decrypt":"0", "process_pending_decryption":"0", "process_success":"1", "total":"1"}}
{"logTime": "0924/093324", "correlationVector":"q2V5IlkxbklC0cbRcNn/ax","action":"SyncServerConnectionManagerRequest", "result":"SYNC_SERVER_OK", "context":{"environment":"", "migrationStage":"", "server":""}}
{"logTime": "0924/093324", "correlationVector":"q2V5IlkxbklC0cbRcNn/ax.0","action":"EncryptionKeysFetcher.DownloadKeys:", "result":"Success", "context":Key count: 1, Last key timestamp: 2025-09-24T09:30:52Z}
{"logTime": "0924/093324", "correlationVector":"q2V5IlkxbklC0cbRcNn/ax.1","action":"EncryptionKeysManager::SetEncryptionKeys:", "result":"Success", "context":Key names[1]:[jApZN3kegb2SW+5EN9l1au2fmuLvvdiEoxZtmJ8GcbyhxSJ33vLW2oYoz21CZ6ZRNv2Elk37MA080gb2M8wV8A==]}
{"logTime": "0924/093324", "correlationVector":"q2V5IlkxbklC0cbRcNn/ax.2","action":"EncryptionKeysManager::SetEncryptionKeysWithTimestamps:", "result":"Success", "context":Key timestamps[1]:[2025-09-24T09:30:52Z]}
{"logTime": "0924/093324", "correlationVector":"TMr3fB7ya2eDd1xsl1r+v1","action":"Initial GetUpdates", "result":"", "context":Reason: NEW_CLIENT. cV=TMr3fB7ya2eDd1xsl1r+v1}
{"logTime": "0924/093324", "correlationVector":"TMr3fB7ya2eDd1xsl1r+v1.3","action":"GetUpdates Response", "result":"Success", "context":Received 1 update(s). cV=TMr3fB7ya2eDd1xsl1r+v1.0;server=akswtt103000001;cloudType=Consumer;environment=Prod_southeastasia_prod-s01-064-apac-southeastasia;migrationStage=NotStarted}
{"logTime": "0924/093324", "correlationVector":"bzDdkXW79Ik473XXQk1dvp","action":"Normal GetUpdate request", "result":"", "context":cV=bzDdkXW79Ik473XXQk1dvp
Nudged types: Sessions
Refresh requested types: Bookmarks, Preferences, Passwords, Autofill Profiles, Autofill, Extensions, Sessions, Extension settings, History Delete Directives, Device Info, User Consents, Send Tab To Self, Web Apps, History, Saved Tab Group, WebAuthn Credentials, Collection, Edge E Drop, Edge Hub App Usage, Edge Wallet, Encryption Keys}
{"logTime": "0924/093324", "correlationVector":"bzDdkXW79Ik473XXQk1dvp.1","action":"SyncServerConnectionManagerRequest", "result":"SYNC_SERVER_OK", "context":{"environment":"Prod_southeastasia_prod-s01-064-apac-southeastasia", "migrationStage":"NotStarted", "server":"akswtt10300000p"}}
{"logTime": "0924/093324", "correlationVector":"bzDdkXW79Ik473XXQk1dvp.2","action":"ProcessGetUpdates", "result":"Done", "context":{"dataType":"Preferences", "deleted":"0", "process_failed_to_decrypt":"0", "process_pending_decryption":"0", "process_success":"23", "total":"23"}}
{"logTime": "0924/093324", "correlationVector":"bzDdkXW79Ik473XXQk1dvp.3","action":"ProcessGetUpdates", "result":"Done", "context":{"dataType":"Sessions", "deleted":"0", "process_failed_to_decrypt":"0", "process_pending_decryption":"0", "process_success":"2", "total":"2"}}
{"logTime": "0924/093324", "correlationVector":"bzDdkXW79Ik473XXQk1dvp.4","action":"ProcessGetUpdates", "result":"Done", "context":{"dataType":"Device Info", "deleted":"0", "process_failed_to_decrypt":"0", "process_pending_decryption":"0", "process_success":"1", "total":"1"}}
{"logTime": "0924/093324", "correlationVector":"bzDdkXW79Ik473XXQk1dvp.5","action":"GetUpdates Response", "result":"Success", "context":Received 26 update(s). cV=bzDdkXW79Ik473XXQk1dvp.0;server=akswtt10300000p;cloudType=Consumer;environment=Prod_southeastasia_prod-s01-064-apac-southeastasia;migrationStage=NotStarted}
{"logTime": "0924/093324", "correlationVector":"rEa6X8OIhAI5yvrf8M/UVy","action":"DoCompareDataConsistency requsted types: ", "result":"Bookmarks, Preferences, Passwords, Extensions, Extension settings, History Delete Directives, Send Tab To Self, Web Apps, History, Saved Tab Group, WebAuthn Credentials, Collection, Edge E Drop, Edge Wallet, Encryption Keys"}
{"logTime": "0924/093324", "correlationVector":"rEa6X8OIhAI5yvrf8M/UVy.0","action":"CompareDataConsistency result: ", "result":"Compare result: Encryption Keys is consistent. local entities count is: 1 local entities hash is: 1cpNLlI+wPFLAl1FrDFQwB7N2uA="}
{"logTime": "0924/093324", "correlationVector":"rEa6X8OIhAI5yvrf8M/UVy.1","action":"CompareDataConsistency result: ", "result":"Compare result: Bookmarks is consistent. local entities count is: 0 local entities hash is: "}
{"logTime": "0924/093324", "correlationVector":"rEa6X8OIhAI5yvrf8M/UVy.2","action":"CompareDataConsistency result: ", "result":"Compare result: Preferences is consistent. local entities count is: 23 local entities hash is: Pbc9uWHFgr3Tdq2ToiS4eLB/OUk="}
{"logTime": "0924/093324", "correlationVector":"rEa6X8OIhAI5yvrf8M/UVy.3","action":"CompareDataConsistency result: ", "result":"Compare result: Extensions is consistent. local entities count is: 0 local entities hash is: "}
{"logTime": "0924/093324", "correlationVector":"rEa6X8OIhAI5yvrf8M/UVy.4","action":"CompareDataConsistency result: ", "result":"Compare result: Extension settings is consistent. local entities count is: 0 local entities hash is: "}
{"logTime": "0924/093324", "correlationVector":"rEa6X8OIhAI5yvrf8M/UVy.5","action":"CompareDataConsistency result: ", "result":"Compare result: History Delete Directives is consistent. local entities count is: 0 local entities hash is: "}
{"logTime": "0924/093324", "correlationVector":"rEa6X8OIhAI5yvrf8M/UVy.6","action":"CompareDataConsistency result: ", "result":"Server did not send this Send Tab To Self local entities count is: 0 local entities hash is: "}
{"logTime": "0924/093324", "correlationVector":"rEa6X8OIhAI5yvrf8M/UVy.7","action":"CompareDataConsistency result: ", "result":"Compare result: Web Apps is consistent. local entities count is: 0 local entities hash is: "}
{"logTime": "0924/093324", "correlationVector":"rEa6X8OIhAI5yvrf8M/UVy.8","action":"CompareDataConsistency result: ", "result":"Server did not send this History local entities count is: 0 local entities hash is: "}
{"logTime": "0924/093324", "correlationVector":"rEa6X8OIhAI5yvrf8M/UVy.9","action":"CompareDataConsistency result: ", "result":"Compare result: Saved Tab Group is consistent. local entities count is: 0 local entities hash is: "}
{"logTime": "0924/093324", "correlationVector":"rEa6X8OIhAI5yvrf8M/UVy.10","action":"CompareDataConsistency result: ", "result":"Server did not send this WebAuthn Credentials local entities count is: 0 local entities hash is: "}
{"logTime": "0924/093324", "correlationVector":"rEa6X8OIhAI5yvrf8M/UVy.11","action":"CompareDataConsistency result: ", "result":"Compare result: Collection is consistent. local entities count is: 0 local entities hash is: "}
{"logTime": "0924/093324", "correlationVector":"rEa6X8OIhAI5yvrf8M/UVy.12","action":"CompareDataConsistency result: ", "result":"Compare result: Edge E Drop is consistent. local entities count is: 0 local entities hash is: "}
{"logTime": "0924/093324", "correlationVector":"rEa6X8OIhAI5yvrf8M/UVy.13","action":"CompareDataConsistency result: ", "result":"Compare result: Edge Wallet is consistent. local entities count is: 0 local entities hash is: "}
{"logTime": "0924/093324", "correlationVector":"rEa6X8OIhAI5yvrf8M/UVy.14","action":"CompareDataConsistency result: ", "result":"Compare result: Passwords is consistent. local entities count is: 0 local entities hash is: "}
{"logTime": "0924/093324", "correlationVector":"ISFIVxYw3Mhc7Uwh7YDIg/","action":"Commit Request", "result":"", "context":Item count: 3
Contributing types: Sessions}
{"logTime": "0924/093324", "correlationVector":"ISFIVxYw3Mhc7Uwh7YDIg/.1","action":"SyncServerConnectionManagerRequest", "result":"SYNC_SERVER_OK", "context":{"environment":"Prod_southeastasia_prod-s01-064-apac-southeastasia", "migrationStage":"NotStarted", "server":"akswtt103000003"}}
{"logTime": "0924/093324", "correlationVector":"ISFIVxYw3Mhc7Uwh7YDIg/.3","action":"Commit.Sessions", "result":"Success", "context":{"id":"77a7397f-8359-43c9-ba07-5deb5fff726a", "isDeleted":"true", "size":"0", "version":"1758706268400"}}
{"logTime": "0924/093324", "correlationVector":"ISFIVxYw3Mhc7Uwh7YDIg/.2","action":"Commit Response", "result":"Success", "context":Result: Success. cV=ISFIVxYw3Mhc7Uwh7YDIg/.0;server=akswtt103000003;cloudType=Consumer;environment=Prod_southeastasia_prod-s01-064-apac-southeastasia;migrationStage=NotStarted}
{"logTime": "0924/093324", "correlationVector":"","action":"DIAGNOSTIC_REQUEST|v1/diagnosticData/Diagnostic.SendCheckResult()|SUCCESS", "result":""}
{"logTime": "0924/093326", "correlationVector":"7E+CbuSdads3wAECv3tTh/","action":"Commit Request", "result":"", "context":Item count: 4
Contributing types: Preferences}
{"logTime": "0924/093327", "correlationVector":"7E+CbuSdads3wAECv3tTh/.1","action":"SyncServerConnectionManagerRequest", "result":"SYNC_SERVER_OK", "context":{"environment":"Prod_southeastasia_prod-s01-064-apac-southeastasia", "migrationStage":"NotStarted", "server":"akswtt10300000h"}}
{"logTime": "0924/093327", "correlationVector":"7E+CbuSdads3wAECv3tTh/.2","action":"Commit Response", "result":"Success", "context":Result: Success. cV=7E+CbuSdads3wAECv3tTh/.0;server=akswtt10300000h;cloudType=Consumer;environment=Prod_southeastasia_prod-s01-064-apac-southeastasia;migrationStage=NotStarted}
